Archive member included to satisfy reference by file (symbol)

c:/st/stm32cubeide_1.10.1/stm32cubeide/plugins/com.st.stm32cube.ide.mcu.externaltools.gnu-tools-for-stm32.10.3-2021.10.win32_1.0.0.202111181127/tools/bin/../lib/gcc/arm-none-eabi/10.3.1/../../../../arm-none-eabi/lib/thumb/v7e-m+fp/hard\libc_nano.a(lib_a-errno.o)
                              ./Core/Src/syscalls.o (__errno)
c:/st/stm32cubeide_1.10.1/stm32cubeide/plugins/com.st.stm32cube.ide.mcu.externaltools.gnu-tools-for-stm32.10.3-2021.10.win32_1.0.0.202111181127/tools/bin/../lib/gcc/arm-none-eabi/10.3.1/../../../../arm-none-eabi/lib/thumb/v7e-m+fp/hard\libc_nano.a(lib_a-exit.o)
                              c:/st/stm32cubeide_1.10.1/stm32cubeide/plugins/com.st.stm32cube.ide.mcu.externaltools.gnu-tools-for-stm32.10.3-2021.10.win32_1.0.0.202111181127/tools/bin/../lib/gcc/arm-none-eabi/10.3.1/../../../../arm-none-eabi/lib/thumb/v7e-m+fp/hard/crt0.o (exit)
c:/st/stm32cubeide_1.10.1/stm32cubeide/plugins/com.st.stm32cube.ide.mcu.externaltools.gnu-tools-for-stm32.10.3-2021.10.win32_1.0.0.202111181127/tools/bin/../lib/gcc/arm-none-eabi/10.3.1/../../../../arm-none-eabi/lib/thumb/v7e-m+fp/hard\libc_nano.a(lib_a-impure.o)
                              c:/st/stm32cubeide_1.10.1/stm32cubeide/plugins/com.st.stm32cube.ide.mcu.externaltools.gnu-tools-for-stm32.10.3-2021.10.win32_1.0.0.202111181127/tools/bin/../lib/gcc/arm-none-eabi/10.3.1/../../../../arm-none-eabi/lib/thumb/v7e-m+fp/hard\libc_nano.a(lib_a-exit.o) (_global_impure_ptr)
c:/st/stm32cubeide_1.10.1/stm32cubeide/plugins/com.st.stm32cube.ide.mcu.externaltools.gnu-tools-for-stm32.10.3-2021.10.win32_1.0.0.202111181127/tools/bin/../lib/gcc/arm-none-eabi/10.3.1/../../../../arm-none-eabi/lib/thumb/v7e-m+fp/hard\libc_nano.a(lib_a-init.o)
                              c:/st/stm32cubeide_1.10.1/stm32cubeide/plugins/com.st.stm32cube.ide.mcu.externaltools.gnu-tools-for-stm32.10.3-2021.10.win32_1.0.0.202111181127/tools/bin/../lib/gcc/arm-none-eabi/10.3.1/../../../../arm-none-eabi/lib/thumb/v7e-m+fp/hard/crt0.o (__libc_init_array)
c:/st/stm32cubeide_1.10.1/stm32cubeide/plugins/com.st.stm32cube.ide.mcu.externaltools.gnu-tools-for-stm32.10.3-2021.10.win32_1.0.0.202111181127/tools/bin/../lib/gcc/arm-none-eabi/10.3.1/../../../../arm-none-eabi/lib/thumb/v7e-m+fp/hard\libc_nano.a(lib_a-itoa.o)
                              ./Core/Src/main.o (itoa)
c:/st/stm32cubeide_1.10.1/stm32cubeide/plugins/com.st.stm32cube.ide.mcu.externaltools.gnu-tools-for-stm32.10.3-2021.10.win32_1.0.0.202111181127/tools/bin/../lib/gcc/arm-none-eabi/10.3.1/../../../../arm-none-eabi/lib/thumb/v7e-m+fp/hard\libc_nano.a(lib_a-memset.o)
                              c:/st/stm32cubeide_1.10.1/stm32cubeide/plugins/com.st.stm32cube.ide.mcu.externaltools.gnu-tools-for-stm32.10.3-2021.10.win32_1.0.0.202111181127/tools/bin/../lib/gcc/arm-none-eabi/10.3.1/../../../../arm-none-eabi/lib/thumb/v7e-m+fp/hard/crt0.o (memset)
c:/st/stm32cubeide_1.10.1/stm32cubeide/plugins/com.st.stm32cube.ide.mcu.externaltools.gnu-tools-for-stm32.10.3-2021.10.win32_1.0.0.202111181127/tools/bin/../lib/gcc/arm-none-eabi/10.3.1/../../../../arm-none-eabi/lib/thumb/v7e-m+fp/hard\libc_nano.a(lib_a-utoa.o)
                              c:/st/stm32cubeide_1.10.1/stm32cubeide/plugins/com.st.stm32cube.ide.mcu.externaltools.gnu-tools-for-stm32.10.3-2021.10.win32_1.0.0.202111181127/tools/bin/../lib/gcc/arm-none-eabi/10.3.1/../../../../arm-none-eabi/lib/thumb/v7e-m+fp/hard\libc_nano.a(lib_a-itoa.o) (__utoa)
c:/st/stm32cubeide_1.10.1/stm32cubeide/plugins/com.st.stm32cube.ide.mcu.externaltools.gnu-tools-for-stm32.10.3-2021.10.win32_1.0.0.202111181127/tools/bin/../lib/gcc/arm-none-eabi/10.3.1/thumb/v7e-m+fp/hard\libgcc.a(_aeabi_uldivmod.o)
                              ./Drivers/STM32F4xx_HAL_Driver/Src/stm32f4xx_hal_rcc.o (__aeabi_uldivmod)
c:/st/stm32cubeide_1.10.1/stm32cubeide/plugins/com.st.stm32cube.ide.mcu.externaltools.gnu-tools-for-stm32.10.3-2021.10.win32_1.0.0.202111181127/tools/bin/../lib/gcc/arm-none-eabi/10.3.1/thumb/v7e-m+fp/hard\libgcc.a(_udivmoddi4.o)
                              c:/st/stm32cubeide_1.10.1/stm32cubeide/plugins/com.st.stm32cube.ide.mcu.externaltools.gnu-tools-for-stm32.10.3-2021.10.win32_1.0.0.202111181127/tools/bin/../lib/gcc/arm-none-eabi/10.3.1/thumb/v7e-m+fp/hard\libgcc.a(_aeabi_uldivmod.o) (__udivmoddi4)
c:/st/stm32cubeide_1.10.1/stm32cubeide/plugins/com.st.stm32cube.ide.mcu.externaltools.gnu-tools-for-stm32.10.3-2021.10.win32_1.0.0.202111181127/tools/bin/../lib/gcc/arm-none-eabi/10.3.1/thumb/v7e-m+fp/hard\libgcc.a(_dvmd_tls.o)
                              c:/st/stm32cubeide_1.10.1/stm32cubeide/plugins/com.st.stm32cube.ide.mcu.externaltools.gnu-tools-for-stm32.10.3-2021.10.win32_1.0.0.202111181127/tools/bin/../lib/gcc/arm-none-eabi/10.3.1/thumb/v7e-m+fp/hard\libgcc.a(_aeabi_uldivmod.o) (__aeabi_ldiv0)

Discarded input sections

[...]
Memory Configuration

Name             Origin             Length             Attributes
RAM              0x0000000020000000 0x0000000000018000 xrw
FLASH            0x0000000008000000 0x0000000000080000 xr
*default*        0x0000000000000000 0xffffffffffffffff

Linker script and memory map

LOAD c:/st/stm32cubeide_1.10.1/stm32cubeide/plugins/com.st.stm32cube.ide.mcu.externaltools.gnu-tools-for-stm32.10.3-2021.10.win32_1.0.0.202111181127/tools/bin/../lib/gcc/arm-none-eabi/10.3.1/thumb/v7e-m+fp/hard/crti.o
LOAD c:/st/stm32cubeide_1.10.1/stm32cubeide/plugins/com.st.stm32cube.ide.mcu.externaltools.gnu-tools-for-stm32.10.3-2021.10.win32_1.0.0.202111181127/tools/bin/../lib/gcc/arm-none-eabi/10.3.1/thumb/v7e-m+fp/hard/crtbegin.o
LOAD c:/st/stm32cubeide_1.10.1/stm32cubeide/plugins/com.st.stm32cube.ide.mcu.externaltools.gnu-tools-for-stm32.10.3-2021.10.win32_1.0.0.202111181127/tools/bin/../lib/gcc/arm-none-eabi/10.3.1/../../../../arm-none-eabi/lib/thumb/v7e-m+fp/hard/crt0.o
LOAD ./Core/Src/liquidcrystal_i2c.o
LOAD ./Core/Src/main.o
LOAD ./Core/Src/scd4x_i2c.o
LOAD ./Core/Src/sensirion_common.o
LOAD ./Core/Src/sensirion_i2c.o
LOAD ./Core/Src/sensirion_i2c_hal.o
LOAD ./Core/Src/stm32f4xx_hal_msp.o
LOAD ./Core/Src/stm32f4xx_it.o
LOAD ./Core/Src/syscalls.o
LOAD ./Core/Src/sysmem.o
LOAD ./Core/Src/system_stm32f4xx.o
LOAD ./Core/Startup/startup_stm32f401retx.o
LOAD ./Drivers/STM32F4xx_HAL_Driver/Src/stm32f4xx_hal.o
LOAD ./Drivers/STM32F4xx_HAL_Driver/Src/stm32f4xx_hal_cortex.o
LOAD ./Drivers/STM32F4xx_HAL_Driver/Src/stm32f4xx_hal_dma.o
LOAD ./Drivers/STM32F4xx_HAL_Driver/Src/stm32f4xx_hal_dma_ex.o
LOAD ./Drivers/STM32F4xx_HAL_Driver/Src/stm32f4xx_hal_exti.o
LOAD ./Drivers/STM32F4xx_HAL_Driver/Src/stm32f4xx_hal_flash.o
LOAD ./Drivers/STM32F4xx_HAL_Driver/Src/stm32f4xx_hal_flash_ex.o
LOAD ./Drivers/STM32F4xx_HAL_Driver/Src/stm32f4xx_hal_flash_ramfunc.o
LOAD ./Drivers/STM32F4xx_HAL_Driver/Src/stm32f4xx_hal_gpio.o
LOAD ./Drivers/STM32F4xx_HAL_Driver/Src/stm32f4xx_hal_i2c.o
LOAD ./Drivers/STM32F4xx_HAL_Driver/Src/stm32f4xx_hal_i2c_ex.o
LOAD ./Drivers/STM32F4xx_HAL_Driver/Src/stm32f4xx_hal_pwr.o
LOAD ./Drivers/STM32F4xx_HAL_Driver/Src/stm32f4xx_hal_pwr_ex.o
LOAD ./Drivers/STM32F4xx_HAL_Driver/Src/stm32f4xx_hal_rcc.o
LOAD ./Drivers/STM32F4xx_HAL_Driver/Src/stm32f4xx_hal_rcc_ex.o
LOAD ./Drivers/STM32F4xx_HAL_Driver/Src/stm32f4xx_hal_tim.o
LOAD ./Drivers/STM32F4xx_HAL_Driver/Src/stm32f4xx_hal_tim_ex.o
LOAD ./Drivers/STM32F4xx_HAL_Driver/Src/stm32f4xx_hal_uart.o
START GROUP
LOAD c:/st/stm32cubeide_1.10.1/stm32cubeide/plugins/com.st.stm32cube.ide.mcu.externaltools.gnu-tools-for-stm32.10.3-2021.10.win32_1.0.0.202111181127/tools/bin/../lib/gcc/arm-none-eabi/10.3.1/../../../../arm-none-eabi/lib/thumb/v7e-m+fp/hard\libc_nano.a
LOAD c:/st/stm32cubeide_1.10.1/stm32cubeide/plugins/com.st.stm32cube.ide.mcu.externaltools.gnu-tools-for-stm32.10.3-2021.10.win32_1.0.0.202111181127/tools/bin/../lib/gcc/arm-none-eabi/10.3.1/../../../../arm-none-eabi/lib/thumb/v7e-m+fp/hard\libm.a
END GROUP
START GROUP
LOAD c:/st/stm32cubeide_1.10.1/stm32cubeide/plugins/com.st.stm32cube.ide.mcu.externaltools.gnu-tools-for-stm32.10.3-2021.10.win32_1.0.0.202111181127/tools/bin/../lib/gcc/arm-none-eabi/10.3.1/thumb/v7e-m+fp/hard\libgcc.a
LOAD c:/st/stm32cubeide_1.10.1/stm32cubeide/plugins/com.st.stm32cube.ide.mcu.externaltools.gnu-tools-for-stm32.10.3-2021.10.win32_1.0.0.202111181127/tools/bin/../lib/gcc/arm-none-eabi/10.3.1/../../../../arm-none-eabi/lib/thumb/v7e-m+fp/hard\libc_nano.a
END GROUP
START GROUP
LOAD c:/st/stm32cubeide_1.10.1/stm32cubeide/plugins/com.st.stm32cube.ide.mcu.externaltools.gnu-tools-for-stm32.10.3-2021.10.win32_1.0.0.202111181127/tools/bin/../lib/gcc/arm-none-eabi/10.3.1/thumb/v7e-m+fp/hard\libgcc.a
LOAD c:/st/stm32cubeide_1.10.1/stm32cubeide/plugins/com.st.stm32cube.ide.mcu.externaltools.gnu-tools-for-stm32.10.3-2021.10.win32_1.0.0.202111181127/tools/bin/../lib/gcc/arm-none-eabi/10.3.1/../../../../arm-none-eabi/lib/thumb/v7e-m+fp/hard\libc_nano.a
LOAD c:/st/stm32cubeide_1.10.1/stm32cubeide/plugins/com.st.stm32cube.ide.mcu.externaltools.gnu-tools-for-stm32.10.3-2021.10.win32_1.0.0.202111181127/tools/bin/../lib/gcc/arm-none-eabi/10.3.1/../../../../arm-none-eabi/lib/thumb/v7e-m+fp/hard\libnosys.a
END GROUP
START GROUP
LOAD c:/st/stm32cubeide_1.10.1/stm32cubeide/plugins/com.st.stm32cube.ide.mcu.externaltools.gnu-tools-for-stm32.10.3-2021.10.win32_1.0.0.202111181127/tools/bin/../lib/gcc/arm-none-eabi/10.3.1/thumb/v7e-m+fp/hard\libgcc.a
LOAD c:/st/stm32cubeide_1.10.1/stm32cubeide/plugins/com.st.stm32cube.ide.mcu.externaltools.gnu-tools-for-stm32.10.3-2021.10.win32_1.0.0.202111181127/tools/bin/../lib/gcc/arm-none-eabi/10.3.1/../../../../arm-none-eabi/lib/thumb/v7e-m+fp/hard\libc_nano.a
LOAD c:/st/stm32cubeide_1.10.1/stm32cubeide/plugins/com.st.stm32cube.ide.mcu.externaltools.gnu-tools-for-stm32.10.3-2021.10.win32_1.0.0.202111181127/tools/bin/../lib/gcc/arm-none-eabi/10.3.1/../../../../arm-none-eabi/lib/thumb/v7e-m+fp/hard\libnosys.a
END GROUP
LOAD c:/st/stm32cubeide_1.10.1/stm32cubeide/plugins/com.st.stm32cube.ide.mcu.externaltools.gnu-tools-for-stm32.10.3-2021.10.win32_1.0.0.202111181127/tools/bin/../lib/gcc/arm-none-eabi/10.3.1/thumb/v7e-m+fp/hard/crtend.o
LOAD c:/st/stm32cubeide_1.10.1/stm32cubeide/plugins/com.st.stm32cube.ide.mcu.externaltools.gnu-tools-for-stm32.10.3-2021.10.win32_1.0.0.202111181127/tools/bin/../lib/gcc/arm-none-eabi/10.3.1/thumb/v7e-m+fp/hard/crtn.o
                0x0000000020018000                _estack = (ORIGIN (RAM) + LENGTH (RAM))
                0x0000000000000200                _Min_Heap_Size = 0x200
                0x0000000000000400                _Min_Stack_Size = 0x400

.isr_vector     0x0000000008000000      0x194
                0x0000000008000000                . = ALIGN (0x4)
 *(.isr_vector)
 .isr_vector    0x0000000008000000      0x194 ./Core/Startup/startup_stm32f401retx.o
                0x0000000008000000                g_pfnVectors
                0x0000000008000194                . = ALIGN (0x4)

.text           0x0000000008000194     0x39a4
                0x0000000008000194                . = ALIGN (0x4)
 *(.text)
 .text          0x0000000008000194       0x40 c:/st/stm32cubeide_1.10.1/stm32cubeide/plugins/com.st.stm32cube.ide.mcu.externaltools.gnu-tools-for-stm32.10.3-2021.10.win32_1.0.0.202111181127/tools/bin/../lib/gcc/arm-none-eabi/10.3.1/thumb/v7e-m+fp/hard/crtbegin.o
 .text          0x00000000080001d4       0x30 c:/st/stm32cubeide_1.10.1/stm32cubeide/plugins/com.st.stm32cube.ide.mcu.externaltools.gnu-tools-for-stm32.10.3-2021.10.win32_1.0.0.202111181127/tools/bin/../lib/gcc/arm-none-eabi/10.3.1/thumb/v7e-m+fp/hard\libgcc.a(_aeabi_uldivmod.o)
                0x00000000080001d4                __aeabi_uldivmod
 .text          0x0000000008000204      0x2d0 c:/st/stm32cubeide_1.10.1/stm32cubeide/plugins/com.st.stm32cube.ide.mcu.externaltools.gnu-tools-for-stm32.10.3-2021.10.win32_1.0.0.202111181127/tools/bin/../lib/gcc/arm-none-eabi/10.3.1/thumb/v7e-m+fp/hard\libgcc.a(_udivmoddi4.o)
                0x0000000008000204                __udivmoddi4
 .text          0x00000000080004d4        0x4 c:/st/stm32cubeide_1.10.1/stm32cubeide/plugins/com.st.stm32cube.ide.mcu.externaltools.gnu-tools-for-stm32.10.3-2021.10.win32_1.0.0.202111181127/tools/bin/../lib/gcc/arm-none-eabi/10.3.1/thumb/v7e-m+fp/hard\libgcc.a(_dvmd_tls.o)
                0x00000000080004d4                __aeabi_idiv0
                0x00000000080004d4                __aeabi_ldiv0
 *(.text*)
 .text.HD44780_Init
                0x00000000080004d8      0x108 ./Core/Src/liquidcrystal_i2c.o
                0x00000000080004d8                HD44780_Init
 .text.HD44780_Clear
                0x00000000080005e0       0x16 ./Core/Src/liquidcrystal_i2c.o
                0x00000000080005e0                HD44780_Clear
 .text.HD44780_Home
                0x00000000080005f6       0x16 ./Core/Src/liquidcrystal_i2c.o
                0x00000000080005f6                HD44780_Home
 .text.HD44780_SetCursor
                0x000000000800060c       0x64 ./Core/Src/liquidcrystal_i2c.o
                0x000000000800060c                HD44780_SetCursor
 .text.HD44780_Display
                0x0000000008000670       0x2c ./Core/Src/liquidcrystal_i2c.o
                0x0000000008000670                HD44780_Display
 .text.HD44780_CreateSpecialChar
                0x000000000800069c       0x52 ./Core/Src/liquidcrystal_i2c.o
                0x000000000800069c                HD44780_CreateSpecialChar
 .text.HD44780_PrintStr
                0x00000000080006ee       0x2a ./Core/Src/liquidcrystal_i2c.o
                0x00000000080006ee                HD44780_PrintStr
 .text.SendCommand
                0x0000000008000718       0x1c ./Core/Src/liquidcrystal_i2c.o
 .text.SendChar
                0x0000000008000734       0x1c ./Core/Src/liquidcrystal_i2c.o
 .text.Send     0x0000000008000750       0x42 ./Core/Src/liquidcrystal_i2c.o
 .text.Write4Bits
                0x0000000008000792       0x22 ./Core/Src/liquidcrystal_i2c.o
 .text.ExpanderWrite
                0x00000000080007b4       0x38 ./Core/Src/liquidcrystal_i2c.o
 .text.PulseEnable
                0x00000000080007ec       0x3a ./Core/Src/liquidcrystal_i2c.o
 *fill*         0x0000000008000826        0x2 
 .text.DelayInit
                0x0000000008000828       0x54 ./Core/Src/liquidcrystal_i2c.o
 .text.DelayUS  0x000000000800087c       0x50 ./Core/Src/liquidcrystal_i2c.o
 .text.main     0x00000000080008cc      0x10c ./Core/Src/main.o
                0x00000000080008cc                main
 .text.SystemClock_Config
                0x00000000080009d8       0xd8 ./Core/Src/main.o
                0x00000000080009d8                SystemClock_Config
 .text.MX_I2C1_Init
                0x0000000008000ab0       0x5c ./Core/Src/main.o
 .text.MX_USART2_UART_Init
                0x0000000008000b0c       0x54 ./Core/Src/main.o
 .text.MX_GPIO_Init
                0x0000000008000b60       0xdc ./Core/Src/main.o
 .text.Error_Handler
                0x0000000008000c3c        0xa ./Core/Src/main.o
                0x0000000008000c3c                Error_Handler
 .text.scd4x_start_periodic_measurement
                0x0000000008000c46       0x4c ./Core/Src/scd4x_i2c.o
                0x0000000008000c46                scd4x_start_periodic_measurement
 .text.scd4x_read_measurement_ticks
                0x0000000008000c92       0xb0 ./Core/Src/scd4x_i2c.o
                0x0000000008000c92                scd4x_read_measurement_ticks
 .text.scd4x_read_measurement
                0x0000000008000d42       0x62 ./Core/Src/scd4x_i2c.o
                0x0000000008000d42                scd4x_read_measurement
 .text.scd4x_stop_periodic_measurement
                0x0000000008000da4       0x50 ./Core/Src/scd4x_i2c.o
                0x0000000008000da4                scd4x_stop_periodic_measurement
 .text.scd4x_reinit
                0x0000000008000df4       0x4c ./Core/Src/scd4x_i2c.o
                0x0000000008000df4                scd4x_reinit
 .text.scd4x_wake_up
                0x0000000008000e40       0x3a ./Core/Src/scd4x_i2c.o
                0x0000000008000e40                scd4x_wake_up
 .text.sensirion_common_bytes_to_uint16_t
                0x0000000008000e7a       0x2a ./Core/Src/sensirion_common.o
                0x0000000008000e7a                sensirion_common_bytes_to_uint16_t
 .text.sensirion_i2c_generate_crc
                0x0000000008000ea4       0x70 ./Core/Src/sensirion_i2c.o
                0x0000000008000ea4                sensirion_i2c_generate_crc
 .text.sensirion_i2c_check_crc
                0x0000000008000f14       0x32 ./Core/Src/sensirion_i2c.o
                0x0000000008000f14                sensirion_i2c_check_crc
 .text.sensirion_i2c_add_command_to_buffer
                0x0000000008000f46       0x46 ./Core/Src/sensirion_i2c.o
                0x0000000008000f46                sensirion_i2c_add_command_to_buffer
 .text.sensirion_i2c_write_data
                0x0000000008000f8c       0x28 ./Core/Src/sensirion_i2c.o
                0x0000000008000f8c                sensirion_i2c_write_data
 .text.sensirion_i2c_read_data_inplace
                0x0000000008000fb4       0xc6 ./Core/Src/sensirion_i2c.o
                0x0000000008000fb4                sensirion_i2c_read_data_inplace
 *fill*         0x000000000800107a        0x2 
 .text.sensirion_i2c_hal_read
                0x000000000800107c       0x38 ./Core/Src/sensirion_i2c_hal.o
                0x000000000800107c                sensirion_i2c_hal_read
 .text.sensirion_i2c_hal_write
                0x00000000080010b4       0x38 ./Core/Src/sensirion_i2c_hal.o
                0x00000000080010b4                sensirion_i2c_hal_write
 .text.sensirion_i2c_hal_sleep_usec
                0x00000000080010ec       0x44 ./Core/Src/sensirion_i2c_hal.o
                0x00000000080010ec                sensirion_i2c_hal_sleep_usec
 .text.HAL_MspInit
                0x0000000008001130       0x50 ./Core/Src/stm32f4xx_hal_msp.o
                0x0000000008001130                HAL_MspInit
 .text.HAL_I2C_MspInit
                0x0000000008001180       0x90 ./Core/Src/stm32f4xx_hal_msp.o
                0x0000000008001180                HAL_I2C_MspInit
 .text.HAL_UART_MspInit
                0x0000000008001210       0x90 ./Core/Src/stm32f4xx_hal_msp.o
                0x0000000008001210                HAL_UART_MspInit
 .text.NMI_Handler
                0x00000000080012a0        0x6 ./Core/Src/stm32f4xx_it.o
                0x00000000080012a0                NMI_Handler
 .text.HardFault_Handler
                0x00000000080012a6        0x6 ./Core/Src/stm32f4xx_it.o
                0x00000000080012a6                HardFault_Handler
 .text.MemManage_Handler
                0x00000000080012ac        0x6 ./Core/Src/stm32f4xx_it.o
                0x00000000080012ac                MemManage_Handler
 .text.BusFault_Handler
                0x00000000080012b2        0x6 ./Core/Src/stm32f4xx_it.o
                0x00000000080012b2                BusFault_Handler
 .text.UsageFault_Handler
                0x00000000080012b8        0x6 ./Core/Src/stm32f4xx_it.o
                0x00000000080012b8                UsageFault_Handler
 .text.SVC_Handler
                0x00000000080012be        0xe ./Core/Src/stm32f4xx_it.o
                0x00000000080012be                SVC_Handler
 .text.DebugMon_Handler
                0x00000000080012cc        0xe ./Core/Src/stm32f4xx_it.o
                0x00000000080012cc                DebugMon_Handler
 .text.PendSV_Handler
                0x00000000080012da        0xe ./Core/Src/stm32f4xx_it.o
                0x00000000080012da                PendSV_Handler
 .text.SysTick_Handler
                0x00000000080012e8        0xc ./Core/Src/stm32f4xx_it.o
                0x00000000080012e8                SysTick_Handler
 .text.SystemInit
                0x00000000080012f4       0x24 ./Core/Src/system_stm32f4xx.o
                0x00000000080012f4                SystemInit
 .text.Reset_Handler
                0x0000000008001318       0x50 ./Core/Startup/startup_stm32f401retx.o
                0x0000000008001318                Reset_Handler
 .text.Default_Handler
                0x0000000008001368        0x2 ./Core/Startup/startup_stm32f401retx.o
                0x0000000008001368                RTC_Alarm_IRQHandler
                0x0000000008001368                EXTI2_IRQHandler
                0x0000000008001368                SPI4_IRQHandler
                0x0000000008001368                TIM1_CC_IRQHandler
                0x0000000008001368                DMA2_Stream5_IRQHandler
                0x0000000008001368                DMA1_Stream5_IRQHandler
                0x0000000008001368                PVD_IRQHandler
                0x0000000008001368                SDIO_IRQHandler
                0x0000000008001368                TAMP_STAMP_IRQHandler
                0x0000000008001368                EXTI3_IRQHandler
                0x0000000008001368                TIM1_UP_TIM10_IRQHandler
                0x0000000008001368                I2C3_ER_IRQHandler
                0x0000000008001368                EXTI0_IRQHandler
                0x0000000008001368                I2C2_EV_IRQHandler
                0x0000000008001368                DMA1_Stream2_IRQHandler
                0x0000000008001368                FPU_IRQHandler
                0x0000000008001368                DMA2_Stream2_IRQHandler
                0x0000000008001368                SPI1_IRQHandler
                0x0000000008001368                TIM1_BRK_TIM9_IRQHandler
                0x0000000008001368                DMA2_Stream3_IRQHandler
                0x0000000008001368                USART6_IRQHandler
                0x0000000008001368                DMA2_Stream0_IRQHandler
                0x0000000008001368                TIM4_IRQHandler
                0x0000000008001368                I2C1_EV_IRQHandler
                0x0000000008001368                DMA1_Stream6_IRQHandler
                0x0000000008001368                DMA1_Stream1_IRQHandler
                0x0000000008001368                TIM3_IRQHandler
                0x0000000008001368                RCC_IRQHandler
                0x0000000008001368                Default_Handler
                0x0000000008001368                EXTI15_10_IRQHandler
                0x0000000008001368                ADC_IRQHandler
                0x0000000008001368                DMA1_Stream7_IRQHandler
                0x0000000008001368                TIM5_IRQHandler
                0x0000000008001368                DMA2_Stream7_IRQHandler
                0x0000000008001368                I2C3_EV_IRQHandler
                0x0000000008001368                EXTI9_5_IRQHandler
                0x0000000008001368                RTC_WKUP_IRQHandler
                0x0000000008001368                SPI2_IRQHandler
                0x0000000008001368                DMA1_Stream0_IRQHandler
                0x0000000008001368                EXTI4_IRQHandler
                0x0000000008001368                WWDG_IRQHandler
                0x0000000008001368                TIM2_IRQHandler
                0x0000000008001368                OTG_FS_WKUP_IRQHandler
                0x0000000008001368                TIM1_TRG_COM_TIM11_IRQHandler
                0x0000000008001368                EXTI1_IRQHandler
                0x0000000008001368                USART2_IRQHandler
                0x0000000008001368                I2C2_ER_IRQHandler
                0x0000000008001368                DMA2_Stream1_IRQHandler
                0x0000000008001368                FLASH_IRQHandler
                0x0000000008001368                DMA2_Stream4_IRQHandler
                0x0000000008001368                USART1_IRQHandler
                0x0000000008001368                OTG_FS_IRQHandler
                0x0000000008001368                SPI3_IRQHandler
                0x0000000008001368                DMA1_Stream4_IRQHandler
                0x0000000008001368                I2C1_ER_IRQHandler
                0x0000000008001368                DMA2_Stream6_IRQHandler
                0x0000000008001368                DMA1_Stream3_IRQHandler
 *fill*         0x000000000800136a        0x2 
 .text.HAL_Init
                0x000000000800136c       0x44 ./Drivers/STM32F4xx_HAL_Driver/Src/stm32f4xx_hal.o
                0x000000000800136c                HAL_Init
 .text.HAL_InitTick
                0x00000000080013b0       0x60 ./Drivers/STM32F4xx_HAL_Driver/Src/stm32f4xx_hal.o
                0x00000000080013b0                HAL_InitTick
 .text.HAL_IncTick
                0x0000000008001410       0x28 ./Drivers/STM32F4xx_HAL_Driver/Src/stm32f4xx_hal.o
                0x0000000008001410                HAL_IncTick
 .text.HAL_GetTick
                0x0000000008001438       0x18 ./Drivers/STM32F4xx_HAL_Driver/Src/stm32f4xx_hal.o
                0x0000000008001438                HAL_GetTick
 .text.HAL_Delay
                0x0000000008001450       0x48 ./Drivers/STM32F4xx_HAL_Driver/Src/stm32f4xx_hal.o
                0x0000000008001450                HAL_Delay
 .text.__NVIC_SetPriorityGrouping
                0x0000000008001498       0x48 ./Drivers/STM32F4xx_HAL_Driver/Src/stm32f4xx_hal_cortex.o
 .text.__NVIC_GetPriorityGrouping
                0x00000000080014e0       0x1c ./Drivers/STM32F4xx_HAL_Driver/Src/stm32f4xx_hal_cortex.o
 .text.__NVIC_SetPriority
                0x00000000080014fc       0x54 ./Drivers/STM32F4xx_HAL_Driver/Src/stm32f4xx_hal_cortex.o
 .text.NVIC_EncodePriority
                0x0000000008001550       0x66 ./Drivers/STM32F4xx_HAL_Driver/Src/stm32f4xx_hal_cortex.o
 *fill*         0x00000000080015b6        0x2 
 .text.SysTick_Config
                0x00000000080015b8       0x44 ./Drivers/STM32F4xx_HAL_Driver/Src/stm32f4xx_hal_cortex.o
 .text.HAL_NVIC_SetPriorityGrouping
                0x00000000080015fc       0x16 ./Drivers/STM32F4xx_HAL_Driver/Src/stm32f4xx_hal_cortex.o
                0x00000000080015fc                HAL_NVIC_SetPriorityGrouping
 .text.HAL_NVIC_SetPriority
                0x0000000008001612       0x38 ./Drivers/STM32F4xx_HAL_Driver/Src/stm32f4xx_hal_cortex.o
                0x0000000008001612                HAL_NVIC_SetPriority
 .text.HAL_SYSTICK_Config
                0x000000000800164a       0x18 ./Drivers/STM32F4xx_HAL_Driver/Src/stm32f4xx_hal_cortex.o
                0x000000000800164a                HAL_SYSTICK_Config
 *fill*         0x0000000008001662        0x2 
 .text.HAL_GPIO_Init
                0x0000000008001664      0x308 ./Drivers/STM32F4xx_HAL_Driver/Src/stm32f4xx_hal_gpio.o
                0x0000000008001664                HAL_GPIO_Init
 .text.HAL_GPIO_WritePin
                0x000000000800196c       0x32 ./Drivers/STM32F4xx_HAL_Driver/Src/stm32f4xx_hal_gpio.o
                0x000000000800196c                HAL_GPIO_WritePin
 .text.HAL_GPIO_TogglePin
                0x000000000800199e       0x34 ./Drivers/STM32F4xx_HAL_Driver/Src/stm32f4xx_hal_gpio.o
                0x000000000800199e                HAL_GPIO_TogglePin
 *fill*         0x00000000080019d2        0x2 
 .text.HAL_I2C_Init
                0x00000000080019d4      0x288 ./Drivers/STM32F4xx_HAL_Driver/Src/stm32f4xx_hal_i2c.o
                0x00000000080019d4                HAL_I2C_Init
 .text.HAL_I2C_Master_Transmit
                0x0000000008001c5c      0x1fc ./Drivers/STM32F4xx_HAL_Driver/Src/stm32f4xx_hal_i2c.o
                0x0000000008001c5c                HAL_I2C_Master_Transmit
 .text.HAL_I2C_Master_Receive
                0x0000000008001e58      0x44c ./Drivers/STM32F4xx_HAL_Driver/Src/stm32f4xx_hal_i2c.o
                0x0000000008001e58                HAL_I2C_Master_Receive
 .text.HAL_I2C_IsDeviceReady
                0x00000000080022a4      0x25c ./Drivers/STM32F4xx_HAL_Driver/Src/stm32f4xx_hal_i2c.o
                0x00000000080022a4                HAL_I2C_IsDeviceReady
 .text.I2C_MasterRequestWrite
                0x0000000008002500      0x104 ./Drivers/STM32F4xx_HAL_Driver/Src/stm32f4xx_hal_i2c.o
 .text.I2C_MasterRequestRead
                0x0000000008002604      0x19c ./Drivers/STM32F4xx_HAL_Driver/Src/stm32f4xx_hal_i2c.o
 .text.I2C_WaitOnFlagUntilTimeout
                0x00000000080027a0       0xae ./Drivers/STM32F4xx_HAL_Driver/Src/stm32f4xx_hal_i2c.o
 .text.I2C_WaitOnMasterAddressFlagUntilTimeout
                0x000000000800284e       0xfe ./Drivers/STM32F4xx_HAL_Driver/Src/stm32f4xx_hal_i2c.o
 .text.I2C_WaitOnTXEFlagUntilTimeout
                0x000000000800294c       0x82 ./Drivers/STM32F4xx_HAL_Driver/Src/stm32f4xx_hal_i2c.o
 .text.I2C_WaitOnBTFFlagUntilTimeout
                0x00000000080029ce       0x82 ./Drivers/STM32F4xx_HAL_Driver/Src/stm32f4xx_hal_i2c.o
 .text.I2C_WaitOnRXNEFlagUntilTimeout
                0x0000000008002a50       0xac ./Drivers/STM32F4xx_HAL_Driver/Src/stm32f4xx_hal_i2c.o
 .text.I2C_IsAcknowledgeFailed
                0x0000000008002afc       0x5e ./Drivers/STM32F4xx_HAL_Driver/Src/stm32f4xx_hal_i2c.o
 *fill*         0x0000000008002b5a        0x2 
 .text.HAL_RCC_OscConfig
                0x0000000008002b5c      0x4f0 ./Drivers/STM32F4xx_HAL_Driver/Src/stm32f4xx_hal_rcc.o
                0x0000000008002b5c                HAL_RCC_OscConfig
 .text.HAL_RCC_ClockConfig
                0x000000000800304c      0x1cc ./Drivers/STM32F4xx_HAL_Driver/Src/stm32f4xx_hal_rcc.o
                0x000000000800304c                HAL_RCC_ClockConfig
 .text.HAL_RCC_GetSysClockFreq
                0x0000000008003218      0x20c ./Drivers/STM32F4xx_HAL_Driver/Src/stm32f4xx_hal_rcc.o
                0x0000000008003218                HAL_RCC_GetSysClockFreq
 .text.HAL_RCC_GetHCLKFreq
                0x0000000008003424       0x18 ./Drivers/STM32F4xx_HAL_Driver/Src/stm32f4xx_hal_rcc.o
                0x0000000008003424                HAL_RCC_GetHCLKFreq
 .text.HAL_RCC_GetPCLK1Freq
                0x000000000800343c       0x28 ./Drivers/STM32F4xx_HAL_Driver/Src/stm32f4xx_hal_rcc.o
                0x000000000800343c                HAL_RCC_GetPCLK1Freq
 .text.HAL_RCC_GetPCLK2Freq
                0x0000000008003464       0x28 ./Drivers/STM32F4xx_HAL_Driver/Src/stm32f4xx_hal_rcc.o
                0x0000000008003464                HAL_RCC_GetPCLK2Freq
 .text.HAL_UART_Init
                0x000000000800348c       0x9a ./Drivers/STM32F4xx_HAL_Driver/Src/stm32f4xx_hal_uart.o
                0x000000000800348c                HAL_UART_Init
 *fill*         0x0000000008003526        0x2 
 .text.UART_SetConfig
                0x0000000008003528      0x4e8 ./Drivers/STM32F4xx_HAL_Driver/Src/stm32f4xx_hal_uart.o
 .text.__libc_init_array
                0x0000000008003a10       0x48 c:/st/stm32cubeide_1.10.1/stm32cubeide/plugins/com.st.stm32cube.ide.mcu.externaltools.gnu-tools-for-stm32.10.3-2021.10.win32_1.0.0.202111181127/tools/bin/../lib/gcc/arm-none-eabi/10.3.1/../../../../arm-none-eabi/lib/thumb/v7e-m+fp/hard\libc_nano.a(lib_a-init.o)
                0x0000000008003a10                __libc_init_array
 .text.__itoa   0x0000000008003a58       0x30 c:/st/stm32cubeide_1.10.1/stm32cubeide/plugins/com.st.stm32cube.ide.mcu.externaltools.gnu-tools-for-stm32.10.3-2021.10.win32_1.0.0.202111181127/tools/bin/../lib/gcc/arm-none-eabi/10.3.1/../../../../arm-none-eabi/lib/thumb/v7e-m+fp/hard\libc_nano.a(lib_a-itoa.o)
                0x0000000008003a58                __itoa
 .text.itoa     0x0000000008003a88        0x4 c:/st/stm32cubeide_1.10.1/stm32cubeide/plugins/com.st.stm32cube.ide.mcu.externaltools.gnu-tools-for-stm32.10.3-2021.10.win32_1.0.0.202111181127/tools/bin/../lib/gcc/arm-none-eabi/10.3.1/../../../../arm-none-eabi/lib/thumb/v7e-m+fp/hard\libc_nano.a(lib_a-itoa.o)
                0x0000000008003a88                itoa
 .text.memset   0x0000000008003a8c       0x10 c:/st/stm32cubeide_1.10.1/stm32cubeide/plugins/com.st.stm32cube.ide.mcu.externaltools.gnu-tools-for-stm32.10.3-2021.10.win32_1.0.0.202111181127/tools/bin/../lib/gcc/arm-none-eabi/10.3.1/../../../../arm-none-eabi/lib/thumb/v7e-m+fp/hard\libc_nano.a(lib_a-memset.o)
                0x0000000008003a8c                memset
 .text.__utoa   0x0000000008003a9c       0x84 c:/st/stm32cubeide_1.10.1/stm32cubeide/plugins/com.st.stm32cube.ide.mcu.externaltools.gnu-tools-for-stm32.10.3-2021.10.win32_1.0.0.202111181127/tools/bin/../lib/gcc/arm-none-eabi/10.3.1/../../../../arm-none-eabi/lib/thumb/v7e-m+fp/hard\libc_nano.a(lib_a-utoa.o)
                0x0000000008003a9c                __utoa
 *(.glue_7)
 .glue_7        0x0000000008003b20        0x0 linker stubs
 *(.glue_7t)
 .glue_7t       0x0000000008003b20        0x0 linker stubs
 *(.eh_frame)
 .eh_frame      0x0000000008003b20        0x0 c:/st/stm32cubeide_1.10.1/stm32cubeide/plugins/com.st.stm32cube.ide.mcu.externaltools.gnu-tools-for-stm32.10.3-2021.10.win32_1.0.0.202111181127/tools/bin/../lib/gcc/arm-none-eabi/10.3.1/thumb/v7e-m+fp/hard/crtbegin.o
 *(.init)
 .init          0x0000000008003b20        0x4 c:/st/stm32cubeide_1.10.1/stm32cubeide/plugins/com.st.stm32cube.ide.mcu.externaltools.gnu-tools-for-stm32.10.3-2021.10.win32_1.0.0.202111181127/tools/bin/../lib/gcc/arm-none-eabi/10.3.1/thumb/v7e-m+fp/hard/crti.o
                0x0000000008003b20                _init
 .init          0x0000000008003b24        0x8 c:/st/stm32cubeide_1.10.1/stm32cubeide/plugins/com.st.stm32cube.ide.mcu.externaltools.gnu-tools-for-stm32.10.3-2021.10.win32_1.0.0.202111181127/tools/bin/../lib/gcc/arm-none-eabi/10.3.1/thumb/v7e-m+fp/hard/crtn.o
 *(.fini)
 .fini          0x0000000008003b2c        0x4 c:/st/stm32cubeide_1.10.1/stm32cubeide/plugins/com.st.stm32cube.ide.mcu.externaltools.gnu-tools-for-stm32.10.3-2021.10.win32_1.0.0.202111181127/tools/bin/../lib/gcc/arm-none-eabi/10.3.1/thumb/v7e-m+fp/hard/crti.o
                0x0000000008003b2c                _fini
 .fini          0x0000000008003b30        0x8 c:/st/stm32cubeide_1.10.1/stm32cubeide/plugins/com.st.stm32cube.ide.mcu.externaltools.gnu-tools-for-stm32.10.3-2021.10.win32_1.0.0.202111181127/tools/bin/../lib/gcc/arm-none-eabi/10.3.1/thumb/v7e-m+fp/hard/crtn.o
                0x0000000008003b38                . = ALIGN (0x4)
                0x0000000008003b38                _etext = .

.vfp11_veneer   0x0000000008003b38        0x0
 .vfp11_veneer  0x0000000008003b38        0x0 linker stubs

.v4_bx          0x0000000008003b38        0x0
 .v4_bx         0x0000000008003b38        0x0 linker stubs

.iplt           0x0000000008003b38        0x0
 .iplt          0x0000000008003b38        0x0 c:/st/stm32cubeide_1.10.1/stm32cubeide/plugins/com.st.stm32cube.ide.mcu.externaltools.gnu-tools-for-stm32.10.3-2021.10.win32_1.0.0.202111181127/tools/bin/../lib/gcc/arm-none-eabi/10.3.1/thumb/v7e-m+fp/hard/crtbegin.o

.rodata         0x0000000008003b38       0x6c
                0x0000000008003b38                . = ALIGN (0x4)
 *(.rodata)
 .rodata        0x0000000008003b38       0x10 ./Core/Src/liquidcrystal_i2c.o
 .rodata        0x0000000008003b48       0x1c ./Core/Src/main.o
 *(.rodata*)
 .rodata.AHBPrescTable
                0x0000000008003b64       0x10 ./Core/Src/system_stm32f4xx.o
                0x0000000008003b64                AHBPrescTable
 .rodata.APBPrescTable
                0x0000000008003b74        0x8 ./Core/Src/system_stm32f4xx.o
                0x0000000008003b74                APBPrescTable
 .rodata.__utoa.str1.1
                0x0000000008003b7c       0x25 c:/st/stm32cubeide_1.10.1/stm32cubeide/plugins/com.st.stm32cube.ide.mcu.externaltools.gnu-tools-for-stm32.10.3-2021.10.win32_1.0.0.202111181127/tools/bin/../lib/gcc/arm-none-eabi/10.3.1/../../../../arm-none-eabi/lib/thumb/v7e-m+fp/hard\libc_nano.a(lib_a-utoa.o)
                0x0000000008003ba4                . = ALIGN (0x4)
 *fill*         0x0000000008003ba1        0x3 

.ARM.extab      0x0000000008003ba4        0x0
                0x0000000008003ba4                . = ALIGN (0x4)
 *(.ARM.extab* .gnu.linkonce.armextab.*)
                0x0000000008003ba4                . = ALIGN (0x4)

.ARM            0x0000000008003ba4        0x8
                0x0000000008003ba4                . = ALIGN (0x4)
                0x0000000008003ba4                __exidx_start = .
 *(.ARM.exidx*)
 .ARM.exidx     0x0000000008003ba4        0x8 c:/st/stm32cubeide_1.10.1/stm32cubeide/plugins/com.st.stm32cube.ide.mcu.externaltools.gnu-tools-for-stm32.10.3-2021.10.win32_1.0.0.202111181127/tools/bin/../lib/gcc/arm-none-eabi/10.3.1/thumb/v7e-m+fp/hard\libgcc.a(_udivmoddi4.o)
                0x0000000008003bac                __exidx_end = .
                0x0000000008003bac                . = ALIGN (0x4)

.rel.dyn        0x0000000008003bac        0x0
 .rel.iplt      0x0000000008003bac        0x0 c:/st/stm32cubeide_1.10.1/stm32cubeide/plugins/com.st.stm32cube.ide.mcu.externaltools.gnu-tools-for-stm32.10.3-2021.10.win32_1.0.0.202111181127/tools/bin/../lib/gcc/arm-none-eabi/10.3.1/thumb/v7e-m+fp/hard/crtbegin.o

.preinit_array  0x0000000008003bac        0x0
                0x0000000008003bac                . = ALIGN (0x4)
                0x0000000008003bac                PROVIDE (__preinit_array_start = .)
 *(.preinit_array*)
                0x0000000008003bac                PROVIDE (__preinit_array_end = .)
                0x0000000008003bac                . = ALIGN (0x4)

.init_array     0x0000000008003bac        0x4
                0x0000000008003bac                . = ALIGN (0x4)
                0x0000000008003bac                PROVIDE (__init_array_start = .)
 *(SORT_BY_NAME(.init_array.*))
 *(.init_array*)
 .init_array    0x0000000008003bac        0x4 c:/st/stm32cubeide_1.10.1/stm32cubeide/plugins/com.st.stm32cube.ide.mcu.externaltools.gnu-tools-for-stm32.10.3-2021.10.win32_1.0.0.202111181127/tools/bin/../lib/gcc/arm-none-eabi/10.3.1/thumb/v7e-m+fp/hard/crtbegin.o
                0x0000000008003bb0                PROVIDE (__init_array_end = .)
                0x0000000008003bb0                . = ALIGN (0x4)

.fini_array     0x0000000008003bb0        0x4
                0x0000000008003bb0                . = ALIGN (0x4)
                [!provide]                        PROVIDE (__fini_array_start = .)
 *(SORT_BY_NAME(.fini_array.*))
 *(.fini_array*)
 .fini_array    0x0000000008003bb0        0x4 c:/st/stm32cubeide_1.10.1/stm32cubeide/plugins/com.st.stm32cube.ide.mcu.externaltools.gnu-tools-for-stm32.10.3-2021.10.win32_1.0.0.202111181127/tools/bin/../lib/gcc/arm-none-eabi/10.3.1/thumb/v7e-m+fp/hard/crtbegin.o
                [!provide]                        PROVIDE (__fini_array_end = .)
                0x0000000008003bb4                . = ALIGN (0x4)
                0x0000000008003bb4                _sidata = LOADADDR (.data)

.data           0x0000000020000000       0x1c load address 0x0000000008003bb4
                0x0000000020000000                . = ALIGN (0x4)
                0x0000000020000000                _sdata = .
 *(.data)
 *(.data*)
 .data.special1
                0x0000000020000000        0x8 ./Core/Src/liquidcrystal_i2c.o
                0x0000000020000000                special1
 .data.special2
                0x0000000020000008        0x8 ./Core/Src/liquidcrystal_i2c.o
                0x0000000020000008                special2
 .data.SystemCoreClock
                0x0000000020000010        0x4 ./Core/Src/system_stm32f4xx.o
                0x0000000020000010                SystemCoreClock
 .data.uwTickPrio
                0x0000000020000014        0x4 ./Drivers/STM32F4xx_HAL_Driver/Src/stm32f4xx_hal.o
                0x0000000020000014                uwTickPrio
 .data.uwTickFreq
                0x0000000020000018        0x1 ./Drivers/STM32F4xx_HAL_Driver/Src/stm32f4xx_hal.o
                0x0000000020000018                uwTickFreq
 *(.RamFunc)
 *(.RamFunc*)
                0x000000002000001c                . = ALIGN (0x4)
 *fill*         0x0000000020000019        0x3 
                0x000000002000001c                _edata = .

.igot.plt       0x000000002000001c        0x0 load address 0x0000000008003bd0
 .igot.plt      0x000000002000001c        0x0 c:/st/stm32cubeide_1.10.1/stm32cubeide/plugins/com.st.stm32cube.ide.mcu.externaltools.gnu-tools-for-stm32.10.3-2021.10.win32_1.0.0.202111181127/tools/bin/../lib/gcc/arm-none-eabi/10.3.1/thumb/v7e-m+fp/hard/crtbegin.o
                0x000000002000001c                . = ALIGN (0x4)

.bss            0x000000002000001c      0x114 load address 0x0000000008003bd0
                0x000000002000001c                _sbss = .
                0x000000002000001c                __bss_start__ = _sbss
 *(.bss)
 .bss           0x000000002000001c       0x1c c:/st/stm32cubeide_1.10.1/stm32cubeide/plugins/com.st.stm32cube.ide.mcu.externaltools.gnu-tools-for-stm32.10.3-2021.10.win32_1.0.0.202111181127/tools/bin/../lib/gcc/arm-none-eabi/10.3.1/thumb/v7e-m+fp/hard/crtbegin.o
 *(.bss*)
 .bss.dpFunction
                0x0000000020000038        0x1 ./Core/Src/liquidcrystal_i2c.o
                0x0000000020000038                dpFunction
 .bss.dpControl
                0x0000000020000039        0x1 ./Core/Src/liquidcrystal_i2c.o
                0x0000000020000039                dpControl
 .bss.dpMode    0x000000002000003a        0x1 ./Core/Src/liquidcrystal_i2c.o
                0x000000002000003a                dpMode
 .bss.dpRows    0x000000002000003b        0x1 ./Core/Src/liquidcrystal_i2c.o
                0x000000002000003b                dpRows
 .bss.dpBacklight
                0x000000002000003c        0x1 ./Core/Src/liquidcrystal_i2c.o
                0x000000002000003c                dpBacklight
 *fill*         0x000000002000003d        0x3 
 .bss.hi2c1     0x0000000020000040       0x54 ./Core/Src/main.o
                0x0000000020000040                hi2c1
 .bss.huart2    0x0000000020000094       0x44 ./Core/Src/main.o
                0x0000000020000094                huart2
 .bss.hi2c1     0x00000000200000d8       0x54 ./Core/Src/sensirion_i2c_hal.o
 .bss.uwTick    0x000000002000012c        0x4 ./Drivers/STM32F4xx_HAL_Driver/Src/stm32f4xx_hal.o
                0x000000002000012c                uwTick
 *(COMMON)
                0x0000000020000130                . = ALIGN (0x4)
                0x0000000020000130                _ebss = .
                0x0000000020000130                __bss_end__ = _ebss

._user_heap_stack
                0x0000000020000130      0x600 load address 0x0000000008003bd0
                0x0000000020000130                . = ALIGN (0x8)
                [!provide]                        PROVIDE (end = .)
                0x0000000020000130                PROVIDE (_end = .)
                0x0000000020000330                . = (. + _Min_Heap_Size)
 *fill*         0x0000000020000130      0x200 
                0x0000000020000730                . = (. + _Min_Stack_Size)
 *fill*         0x0000000020000330      0x400 
                0x0000000020000730                . = ALIGN (0x8)

/DISCARD/
 libc.a(*)
 libm.a(*)
 libgcc.a(*)

.ARM.attributes
                0x0000000000000000       0x30
 *(.ARM.attributes)
 .ARM.attributes
                0x0000000000000000       0x1e c:/st/stm32cubeide_1.10.1/stm32cubeide/plugins/com.st.stm32cube.ide.mcu.externaltools.gnu-tools-for-stm32.10.3-2021.10.win32_1.0.0.202111181127/tools/bin/../lib/gcc/arm-none-eabi/10.3.1/thumb/v7e-m+fp/hard/crti.o
 .ARM.attributes
                0x000000000000001e       0x34 c:/st/stm32cubeide_1.10.1/stm32cubeide/plugins/com.st.stm32cube.ide.mcu.externaltools.gnu-tools-for-stm32.10.3-2021.10.win32_1.0.0.202111181127/tools/bin/../lib/gcc/arm-none-eabi/10.3.1/thumb/v7e-m+fp/hard/crtbegin.o
 .ARM.attributes
                0x0000000000000052       0x34 ./Core/Src/liquidcrystal_i2c.o
 .ARM.attributes
                0x0000000000000086       0x34 ./Core/Src/main.o
 .ARM.attributes
                0x00000000000000ba       0x34 ./Core/Src/scd4x_i2c.o
 .ARM.attributes
                0x00000000000000ee       0x34 ./Core/Src/sensirion_common.o
 .ARM.attributes
                0x0000000000000122       0x34 ./Core/Src/sensirion_i2c.o
 .ARM.attributes
                0x0000000000000156       0x34 ./Core/Src/sensirion_i2c_hal.o
 .ARM.attributes
                0x000000000000018a       0x34 ./Core/Src/stm32f4xx_hal_msp.o
 .ARM.attributes
                0x00000000000001be       0x34 ./Core/Src/stm32f4xx_it.o
 .ARM.attributes
                0x00000000000001f2       0x34 ./Core/Src/system_stm32f4xx.o
 .ARM.attributes
                0x0000000000000226       0x21 ./Core/Startup/startup_stm32f401retx.o
 .ARM.attributes
                0x0000000000000247       0x34 ./Drivers/STM32F4xx_HAL_Driver/Src/stm32f4xx_hal.o
 .ARM.attributes
                0x000000000000027b       0x34 ./Drivers/STM32F4xx_HAL_Driver/Src/stm32f4xx_hal_cortex.o
 .ARM.attributes
                0x00000000000002af       0x34 ./Drivers/STM32F4xx_HAL_Driver/Src/stm32f4xx_hal_gpio.o
 .ARM.attributes
                0x00000000000002e3       0x34 ./Drivers/STM32F4xx_HAL_Driver/Src/stm32f4xx_hal_i2c.o
 .ARM.attributes
                0x0000000000000317       0x34 ./Drivers/STM32F4xx_HAL_Driver/Src/stm32f4xx_hal_rcc.o
 .ARM.attributes
                0x000000000000034b       0x34 ./Drivers/STM32F4xx_HAL_Driver/Src/stm32f4xx_hal_uart.o
 .ARM.attributes
                0x000000000000037f       0x34 c:/st/stm32cubeide_1.10.1/stm32cubeide/plugins/com.st.stm32cube.ide.mcu.externaltools.gnu-tools-for-stm32.10.3-2021.10.win32_1.0.0.202111181127/tools/bin/../lib/gcc/arm-none-eabi/10.3.1/../../../../arm-none-eabi/lib/thumb/v7e-m+fp/hard\libc_nano.a(lib_a-init.o)
 .ARM.attributes
                0x00000000000003b3       0x34 c:/st/stm32cubeide_1.10.1/stm32cubeide/plugins/com.st.stm32cube.ide.mcu.externaltools.gnu-tools-for-stm32.10.3-2021.10.win32_1.0.0.202111181127/tools/bin/../lib/gcc/arm-none-eabi/10.3.1/../../../../arm-none-eabi/lib/thumb/v7e-m+fp/hard\libc_nano.a(lib_a-itoa.o)
 .ARM.attributes
                0x00000000000003e7       0x34 c:/st/stm32cubeide_1.10.1/stm32cubeide/plugins/com.st.stm32cube.ide.mcu.externaltools.gnu-tools-for-stm32.10.3-2021.10.win32_1.0.0.202111181127/tools/bin/../lib/gcc/arm-none-eabi/10.3.1/../../../../arm-none-eabi/lib/thumb/v7e-m+fp/hard\libc_nano.a(lib_a-memset.o)
 .ARM.attributes
                0x000000000000041b       0x34 c:/st/stm32cubeide_1.10.1/stm32cubeide/plugins/com.st.stm32cube.ide.mcu.externaltools.gnu-tools-for-stm32.10.3-2021.10.win32_1.0.0.202111181127/tools/bin/../lib/gcc/arm-none-eabi/10.3.1/../../../../arm-none-eabi/lib/thumb/v7e-m+fp/hard\libc_nano.a(lib_a-utoa.o)
 .ARM.attributes
                0x000000000000044f       0x1e c:/st/stm32cubeide_1.10.1/stm32cubeide/plugins/com.st.stm32cube.ide.mcu.externaltools.gnu-tools-for-stm32.10.3-2021.10.win32_1.0.0.202111181127/tools/bin/../lib/gcc/arm-none-eabi/10.3.1/thumb/v7e-m+fp/hard\libgcc.a(_aeabi_uldivmod.o)
 .ARM.attributes
                0x000000000000046d       0x34 c:/st/stm32cubeide_1.10.1/stm32cubeide/plugins/com.st.stm32cube.ide.mcu.externaltools.gnu-tools-for-stm32.10.3-2021.10.win32_1.0.0.202111181127/tools/bin/../lib/gcc/arm-none-eabi/10.3.1/thumb/v7e-m+fp/hard\libgcc.a(_udivmoddi4.o)
 .ARM.attributes
                0x00000000000004a1       0x1e c:/st/stm32cubeide_1.10.1/stm32cubeide/plugins/com.st.stm32cube.ide.mcu.externaltools.gnu-tools-for-stm32.10.3-2021.10.win32_1.0.0.202111181127/tools/bin/../lib/gcc/arm-none-eabi/10.3.1/thumb/v7e-m+fp/hard\libgcc.a(_dvmd_tls.o)
 .ARM.attributes
                0x00000000000004bf       0x1e c:/st/stm32cubeide_1.10.1/stm32cubeide/plugins/com.st.stm32cube.ide.mcu.externaltools.gnu-tools-for-stm32.10.3-2021.10.win32_1.0.0.202111181127/tools/bin/../lib/gcc/arm-none-eabi/10.3.1/thumb/v7e-m+fp/hard/crtn.o
OUTPUT(airqual5.elf elf32-littlearm)
LOAD linker stubs
LOAD c:/st/stm32cubeide_1.10.1/stm32cubeide/plugins/com.st.stm32cube.ide.mcu.externaltools.gnu-tools-for-stm32.10.3-2021.10.win32_1.0.0.202111181127/tools/bin/../lib/gcc/arm-none-eabi/10.3.1/../../../../arm-none-eabi/lib/thumb/v7e-m+fp/hard\libc.a
LOAD c:/st/stm32cubeide_1.10.1/stm32cubeide/plugins/com.st.stm32cube.ide.mcu.externaltools.gnu-tools-for-stm32.10.3-2021.10.win32_1.0.0.202111181127/tools/bin/../lib/gcc/arm-none-eabi/10.3.1/../../../../arm-none-eabi/lib/thumb/v7e-m+fp/hard\libm.a
LOAD c:/st/stm32cubeide_1.10.1/stm32cubeide/plugins/com.st.stm32cube.ide.mcu.externaltools.gnu-tools-for-stm32.10.3-2021.10.win32_1.0.0.202111181127/tools/bin/../lib/gcc/arm-none-eabi/10.3.1/thumb/v7e-m+fp/hard\libgcc.a

.debug_info     0x0000000000000000     0xd037
 .debug_info    0x0000000000000000      0xcfa ./Core/Src/liquidcrystal_i2c.o
 .debug_info    0x0000000000000cfa     0x1165 ./Core/Src/main.o
 .debug_info    0x0000000000001e5f      0xa51 ./Core/Src/scd4x_i2c.o
 .debug_info    0x00000000000028b0      0x3b1 ./Core/Src/sensirion_common.o
 .debug_info    0x0000000000002c61      0x8ee ./Core/Src/sensirion_i2c.o
 .debug_info    0x000000000000354f      0x801 ./Core/Src/sensirion_i2c_hal.o
 .debug_info    0x0000000000003d50      0xced ./Core/Src/stm32f4xx_hal_msp.o
 .debug_info    0x0000000000004a3d      0x121 ./Core/Src/stm32f4xx_it.o
 .debug_info    0x0000000000004b5e      0x54f ./Core/Src/system_stm32f4xx.o
 .debug_info    0x00000000000050ad       0x22 ./Core/Startup/startup_stm32f401retx.o
 .debug_info    0x00000000000050cf      0x906 ./Drivers/STM32F4xx_HAL_Driver/Src/stm32f4xx_hal.o
 .debug_info    0x00000000000059d5      0xd85 ./Drivers/STM32F4xx_HAL_Driver/Src/stm32f4xx_hal_cortex.o
 .debug_info    0x000000000000675a      0x78e ./Drivers/STM32F4xx_HAL_Driver/Src/stm32f4xx_hal_gpio.o
 .debug_info    0x0000000000006ee8     0x260f ./Drivers/STM32F4xx_HAL_Driver/Src/stm32f4xx_hal_i2c.o
 .debug_info    0x00000000000094f7      0x98c ./Drivers/STM32F4xx_HAL_Driver/Src/stm32f4xx_hal_rcc.o
 .debug_info    0x0000000000009e83     0x31b4 ./Drivers/STM32F4xx_HAL_Driver/Src/stm32f4xx_hal_uart.o

.debug_abbrev   0x0000000000000000     0x1e31
 .debug_abbrev  0x0000000000000000      0x2cb ./Core/Src/liquidcrystal_i2c.o
 .debug_abbrev  0x00000000000002cb      0x2ca ./Core/Src/main.o
 .debug_abbrev  0x0000000000000595      0x155 ./Core/Src/scd4x_i2c.o
 .debug_abbrev  0x00000000000006ea      0x11c ./Core/Src/sensirion_common.o
 .debug_abbrev  0x0000000000000806      0x1a5 ./Core/Src/sensirion_i2c.o
 .debug_abbrev  0x00000000000009ab      0x1cb ./Core/Src/sensirion_i2c_hal.o
 .debug_abbrev  0x0000000000000b76      0x1b0 ./Core/Src/stm32f4xx_hal_msp.o
 .debug_abbrev  0x0000000000000d26       0x74 ./Core/Src/stm32f4xx_it.o
 .debug_abbrev  0x0000000000000d9a      0x116 ./Core/Src/system_stm32f4xx.o
 .debug_abbrev  0x0000000000000eb0       0x12 ./Core/Startup/startup_stm32f401retx.o
 .debug_abbrev  0x0000000000000ec2      0x23e ./Drivers/STM32F4xx_HAL_Driver/Src/stm32f4xx_hal.o
 .debug_abbrev  0x0000000000001100      0x316 ./Drivers/STM32F4xx_HAL_Driver/Src/stm32f4xx_hal_cortex.o
 .debug_abbrev  0x0000000000001416      0x1c4 ./Drivers/STM32F4xx_HAL_Driver/Src/stm32f4xx_hal_gpio.o
 .debug_abbrev  0x00000000000015da      0x2a8 ./Drivers/STM32F4xx_HAL_Driver/Src/stm32f4xx_hal_i2c.o
 .debug_abbrev  0x0000000000001882      0x2aa ./Drivers/STM32F4xx_HAL_Driver/Src/stm32f4xx_hal_rcc.o
 .debug_abbrev  0x0000000000001b2c      0x305 ./Drivers/STM32F4xx_HAL_Driver/Src/stm32f4xx_hal_uart.o

.debug_aranges  0x0000000000000000      0xc18
 .debug_aranges
                0x0000000000000000      0x110 ./Core/Src/liquidcrystal_i2c.o
 .debug_aranges
                0x0000000000000110       0x48 ./Core/Src/main.o
 .debug_aranges
                0x0000000000000158       0xe0 ./Core/Src/scd4x_i2c.o
 .debug_aranges
                0x0000000000000238       0x70 ./Core/Src/sensirion_common.o
 .debug_aranges
                0x00000000000002a8       0xb0 ./Core/Src/sensirion_i2c.o
 .debug_aranges
                0x0000000000000358       0x48 ./Core/Src/sensirion_i2c_hal.o
 .debug_aranges
                0x00000000000003a0       0x40 ./Core/Src/stm32f4xx_hal_msp.o
 .debug_aranges
                0x00000000000003e0       0x60 ./Core/Src/stm32f4xx_it.o
 .debug_aranges
                0x0000000000000440       0x28 ./Core/Src/system_stm32f4xx.o
 .debug_aranges
                0x0000000000000468       0x28 ./Core/Startup/startup_stm32f401retx.o
 .debug_aranges
                0x0000000000000490       0xf0 ./Drivers/STM32F4xx_HAL_Driver/Src/stm32f4xx_hal.o
 .debug_aranges
                0x0000000000000580      0x118 ./Drivers/STM32F4xx_HAL_Driver/Src/stm32f4xx_hal_cortex.o
 .debug_aranges
                0x0000000000000698       0x58 ./Drivers/STM32F4xx_HAL_Driver/Src/stm32f4xx_hal_gpio.o
 .debug_aranges
                0x00000000000006f0      0x2a0 ./Drivers/STM32F4xx_HAL_Driver/Src/stm32f4xx_hal_i2c.o
 .debug_aranges
                0x0000000000000990       0x88 ./Drivers/STM32F4xx_HAL_Driver/Src/stm32f4xx_hal_rcc.o
 .debug_aranges
                0x0000000000000a18      0x200 ./Drivers/STM32F4xx_HAL_Driver/Src/stm32f4xx_hal_uart.o

.debug_ranges   0x0000000000000000      0xb68
 .debug_ranges  0x0000000000000000      0x100 ./Core/Src/liquidcrystal_i2c.o
 .debug_ranges  0x0000000000000100       0x38 ./Core/Src/main.o
 .debug_ranges  0x0000000000000138       0xd0 ./Core/Src/scd4x_i2c.o
 .debug_ranges  0x0000000000000208       0x60 ./Core/Src/sensirion_common.o
 .debug_ranges  0x0000000000000268       0xa0 ./Core/Src/sensirion_i2c.o
 .debug_ranges  0x0000000000000308       0x38 ./Core/Src/sensirion_i2c_hal.o
 .debug_ranges  0x0000000000000340       0x30 ./Core/Src/stm32f4xx_hal_msp.o
 .debug_ranges  0x0000000000000370       0x50 ./Core/Src/stm32f4xx_it.o
 .debug_ranges  0x00000000000003c0       0x18 ./Core/Src/system_stm32f4xx.o
 .debug_ranges  0x00000000000003d8       0x20 ./Core/Startup/startup_stm32f401retx.o
 .debug_ranges  0x00000000000003f8       0xe0 ./Drivers/STM32F4xx_HAL_Driver/Src/stm32f4xx_hal.o
 .debug_ranges  0x00000000000004d8      0x108 ./Drivers/STM32F4xx_HAL_Driver/Src/stm32f4xx_hal_cortex.o
 .debug_ranges  0x00000000000005e0       0x48 ./Drivers/STM32F4xx_HAL_Driver/Src/stm32f4xx_hal_gpio.o
 .debug_ranges  0x0000000000000628      0x2a8 ./Drivers/STM32F4xx_HAL_Driver/Src/stm32f4xx_hal_i2c.o
 .debug_ranges  0x00000000000008d0       0x78 ./Drivers/STM32F4xx_HAL_Driver/Src/stm32f4xx_hal_rcc.o
 .debug_ranges  0x0000000000000948      0x220 ./Drivers/STM32F4xx_HAL_Driver/Src/stm32f4xx_hal_uart.o

.debug_macro    0x0000000000000000    0x167af
 .debug_macro   0x0000000000000000      0x1e2 ./Core/Src/liquidcrystal_i2c.o
 .debug_macro   0x00000000000001e2      0xa78 ./Core/Src/liquidcrystal_i2c.o
 .debug_macro   0x0000000000000c5a      0x29b ./Core/Src/liquidcrystal_i2c.o
 .debug_macro   0x0000000000000ef5       0x2e ./Core/Src/liquidcrystal_i2c.o
 .debug_macro   0x0000000000000f23       0x28 ./Core/Src/liquidcrystal_i2c.o
 .debug_macro   0x0000000000000f4b       0x22 ./Core/Src/liquidcrystal_i2c.o
 .debug_macro   0x0000000000000f6d       0x8e ./Core/Src/liquidcrystal_i2c.o
 .debug_macro   0x0000000000000ffb       0x51 ./Core/Src/liquidcrystal_i2c.o
 .debug_macro   0x000000000000104c      0x103 ./Core/Src/liquidcrystal_i2c.o
 .debug_macro   0x000000000000114f       0x6a ./Core/Src/liquidcrystal_i2c.o
 .debug_macro   0x00000000000011b9      0x1df ./Core/Src/liquidcrystal_i2c.o
 .debug_macro   0x0000000000001398       0x1c ./Core/Src/liquidcrystal_i2c.o
 .debug_macro   0x00000000000013b4       0x22 ./Core/Src/liquidcrystal_i2c.o
 .debug_macro   0x00000000000013d6       0xd9 ./Core/Src/liquidcrystal_i2c.o
 .debug_macro   0x00000000000014af     0x102d ./Core/Src/liquidcrystal_i2c.o
 .debug_macro   0x00000000000024dc      0x11f ./Core/Src/liquidcrystal_i2c.o
 .debug_macro   0x00000000000025fb     0xb86c ./Core/Src/liquidcrystal_i2c.o
 .debug_macro   0x000000000000de67       0x6d ./Core/Src/liquidcrystal_i2c.o
 .debug_macro   0x000000000000ded4     0x367e ./Core/Src/liquidcrystal_i2c.o
 .debug_macro   0x0000000000011552      0x174 ./Core/Src/liquidcrystal_i2c.o
 .debug_macro   0x00000000000116c6       0x5c ./Core/Src/liquidcrystal_i2c.o
 .debug_macro   0x0000000000011722      0x416 ./Core/Src/liquidcrystal_i2c.o
 .debug_macro   0x0000000000011b38      0x9fe ./Core/Src/liquidcrystal_i2c.o
 .debug_macro   0x0000000000012536      0x115 ./Core/Src/liquidcrystal_i2c.o
 .debug_macro   0x000000000001264b       0xf8 ./Core/Src/liquidcrystal_i2c.o
 .debug_macro   0x0000000000012743       0xa5 ./Core/Src/liquidcrystal_i2c.o
 .debug_macro   0x00000000000127e8      0x15f ./Core/Src/liquidcrystal_i2c.o
 .debug_macro   0x0000000000012947      0x287 ./Core/Src/liquidcrystal_i2c.o
 .debug_macro   0x0000000000012bce       0x5f ./Core/Src/liquidcrystal_i2c.o
 .debug_macro   0x0000000000012c2d      0x236 ./Core/Src/liquidcrystal_i2c.o
 .debug_macro   0x0000000000012e63      0x132 ./Core/Src/liquidcrystal_i2c.o
 .debug_macro   0x0000000000012f95      0x264 ./Core/Src/liquidcrystal_i2c.o
 .debug_macro   0x00000000000131f9       0x2e ./Core/Src/liquidcrystal_i2c.o
 .debug_macro   0x0000000000013227      0x1b5 ./Core/Src/liquidcrystal_i2c.o
 .debug_macro   0x00000000000133dc       0x22 ./Core/Src/liquidcrystal_i2c.o
 .debug_macro   0x00000000000133fe       0xd6 ./Core/Src/liquidcrystal_i2c.o
 .debug_macro   0x00000000000134d4      0x11a ./Core/Src/liquidcrystal_i2c.o
 .debug_macro   0x00000000000135ee       0x85 ./Core/Src/liquidcrystal_i2c.o
 .debug_macro   0x0000000000013673       0x89 ./Core/Src/liquidcrystal_i2c.o
 .debug_macro   0x00000000000136fc      0x295 ./Core/Src/liquidcrystal_i2c.o
 .debug_macro   0x0000000000013991      0x126 ./Core/Src/liquidcrystal_i2c.o
 .debug_macro   0x0000000000013ab7       0xd0 ./Core/Src/liquidcrystal_i2c.o
 .debug_macro   0x0000000000013b87      0x3ae ./Core/Src/main.o
 .debug_macro   0x0000000000013f35       0x58 ./Core/Src/main.o
 .debug_macro   0x0000000000013f8d       0xd6 ./Core/Src/main.o
 .debug_macro   0x0000000000014063       0x52 ./Core/Src/main.o
 .debug_macro   0x00000000000140b5       0x1e ./Core/Src/main.o
 .debug_macro   0x00000000000140d3       0x3c ./Core/Src/main.o
 .debug_macro   0x000000000001410f       0x34 ./Core/Src/main.o
 .debug_macro   0x0000000000014143       0x16 ./Core/Src/main.o
 .debug_macro   0x0000000000014159       0x35 ./Core/Src/main.o
 .debug_macro   0x000000000001418e      0x341 ./Core/Src/main.o
 .debug_macro   0x00000000000144cf       0x10 ./Core/Src/main.o
 .debug_macro   0x00000000000144df       0x16 ./Core/Src/main.o
 .debug_macro   0x00000000000144f5       0x43 ./Core/Src/main.o
 .debug_macro   0x0000000000014538       0x34 ./Core/Src/main.o
 .debug_macro   0x000000000001456c       0x10 ./Core/Src/main.o
 .debug_macro   0x000000000001457c       0x58 ./Core/Src/main.o
 .debug_macro   0x00000000000145d4       0x71 ./Core/Src/main.o
 .debug_macro   0x0000000000014645       0x1c ./Core/Src/main.o
 .debug_macro   0x0000000000014661      0x12a ./Core/Src/main.o
 .debug_macro   0x000000000001478b       0x10 ./Core/Src/main.o
 .debug_macro   0x000000000001479b       0x1c ./Core/Src/main.o
 .debug_macro   0x00000000000147b7       0x52 ./Core/Src/main.o
 .debug_macro   0x0000000000014809       0x22 ./Core/Src/main.o
 .debug_macro   0x000000000001482b       0x10 ./Core/Src/main.o
 .debug_macro   0x000000000001483b       0x52 ./Core/Src/main.o
 .debug_macro   0x000000000001488d       0xd5 ./Core/Src/main.o
 .debug_macro   0x0000000000014962       0x1c ./Core/Src/main.o
 .debug_macro   0x000000000001497e       0x3d ./Core/Src/main.o
 .debug_macro   0x00000000000149bb       0x16 ./Core/Src/main.o
 .debug_macro   0x00000000000149d1      0x145 ./Core/Src/main.o
 .debug_macro   0x0000000000014b16       0x16 ./Core/Src/main.o
 .debug_macro   0x0000000000014b2c       0x16 ./Core/Src/main.o
 .debug_macro   0x0000000000014b42       0x29 ./Core/Src/main.o
 .debug_macro   0x0000000000014b6b       0x22 ./Core/Src/main.o
 .debug_macro   0x0000000000014b8d       0x34 ./Core/Src/main.o
 .debug_macro   0x0000000000014bc1      0x16d ./Core/Src/scd4x_i2c.o
 .debug_macro   0x0000000000014d2e       0x4c ./Core/Src/scd4x_i2c.o
 .debug_macro   0x0000000000014d7a       0x94 ./Core/Src/scd4x_i2c.o
 .debug_macro   0x0000000000014e0e      0x10e ./Core/Src/scd4x_i2c.o
 .debug_macro   0x0000000000014f1c       0x8d ./Core/Src/scd4x_i2c.o
 .debug_macro   0x0000000000014fa9       0x57 ./Core/Src/scd4x_i2c.o
 .debug_macro   0x0000000000015000       0x4c ./Core/Src/scd4x_i2c.o
 .debug_macro   0x000000000001504c      0x154 ./Core/Src/sensirion_common.o
 .debug_macro   0x00000000000151a0       0x2e ./Core/Src/sensirion_common.o
 .debug_macro   0x00000000000151ce      0x167 ./Core/Src/sensirion_i2c.o
 .debug_macro   0x0000000000015335       0x46 ./Core/Src/sensirion_i2c.o
 .debug_macro   0x000000000001537b      0x2cf ./Core/Src/sensirion_i2c_hal.o
 .debug_macro   0x000000000001564a      0x1e2 ./Core/Src/stm32f4xx_hal_msp.o
 .debug_macro   0x000000000001582c      0x1ec ./Core/Src/stm32f4xx_it.o
 .debug_macro   0x0000000000015a18      0x1d3 ./Core/Src/system_stm32f4xx.o
 .debug_macro   0x0000000000015beb      0x233 ./Drivers/STM32F4xx_HAL_Driver/Src/stm32f4xx_hal.o
 .debug_macro   0x0000000000015e1e      0x1d3 ./Drivers/STM32F4xx_HAL_Driver/Src/stm32f4xx_hal_cortex.o
 .debug_macro   0x0000000000015ff1      0x1d9 ./Drivers/STM32F4xx_HAL_Driver/Src/stm32f4xx_hal_gpio.o
 .debug_macro   0x00000000000161ca      0x21a ./Drivers/STM32F4xx_HAL_Driver/Src/stm32f4xx_hal_i2c.o
 .debug_macro   0x00000000000163e4      0x1f7 ./Drivers/STM32F4xx_HAL_Driver/Src/stm32f4xx_hal_rcc.o
 .debug_macro   0x00000000000165db      0x1d4 ./Drivers/STM32F4xx_HAL_Driver/Src/stm32f4xx_hal_uart.o

.debug_line     0x0000000000000000     0xe2a9
 .debug_line    0x0000000000000000      0xaa8 ./Core/Src/liquidcrystal_i2c.o
 .debug_line    0x0000000000000aa8      0xad4 ./Core/Src/main.o
 .debug_line    0x000000000000157c      0xa21 ./Core/Src/scd4x_i2c.o
 .debug_line    0x0000000000001f9d      0x6b7 ./Core/Src/sensirion_common.o
 .debug_line    0x0000000000002654      0xb3e ./Core/Src/sensirion_i2c.o
 .debug_line    0x0000000000003192      0x8ee ./Core/Src/sensirion_i2c_hal.o
 .debug_line    0x0000000000003a80      0x757 ./Core/Src/stm32f4xx_hal_msp.o
 .debug_line    0x00000000000041d7      0x77e ./Core/Src/stm32f4xx_it.o
 .debug_line    0x0000000000004955      0x73d ./Core/Src/system_stm32f4xx.o
 .debug_line    0x0000000000005092       0x88 ./Core/Startup/startup_stm32f401retx.o
 .debug_line    0x000000000000511a      0x9a3 ./Drivers/STM32F4xx_HAL_Driver/Src/stm32f4xx_hal.o
 .debug_line    0x0000000000005abd      0xc52 ./Drivers/STM32F4xx_HAL_Driver/Src/stm32f4xx_hal_cortex.o
 .debug_line    0x000000000000670f      0xadb ./Drivers/STM32F4xx_HAL_Driver/Src/stm32f4xx_hal_gpio.o
 .debug_line    0x00000000000071ea     0x3958 ./Drivers/STM32F4xx_HAL_Driver/Src/stm32f4xx_hal_i2c.o
 .debug_line    0x000000000000ab42      0xd1f ./Drivers/STM32F4xx_HAL_Driver/Src/stm32f4xx_hal_rcc.o
 .debug_line    0x000000000000b861     0x2a48 ./Drivers/STM32F4xx_HAL_Driver/Src/stm32f4xx_hal_uart.o

.debug_str      0x0000000000000000    0x882e4
 .debug_str     0x0000000000000000    0x80f96 ./Core/Src/liquidcrystal_i2c.o
                                      0x8129a (size before relaxing)
 .debug_str     0x0000000000080f96     0x46e1 ./Core/Src/main.o
                                      0x85656 (size before relaxing)
 .debug_str     0x0000000000085677      0x453 ./Core/Src/scd4x_i2c.o
                                       0x74bb (size before relaxing)
 .debug_str     0x0000000000085aca      0x18a ./Core/Src/sensirion_common.o
                                       0x7128 (size before relaxing)
 .debug_str     0x0000000000085c54      0x2cd ./Core/Src/sensirion_i2c.o
                                       0x7399 (size before relaxing)
 .debug_str     0x0000000000085f21       0x98 ./Core/Src/sensirion_i2c_hal.o
                                      0x83d3d (size before relaxing)
 .debug_str     0x0000000000085fb9       0xaa ./Core/Src/stm32f4xx_hal_msp.o
                                      0x81100 (size before relaxing)
 .debug_str     0x0000000000086063       0xc9 ./Core/Src/stm32f4xx_it.o
                                      0x808c3 (size before relaxing)
 .debug_str     0x000000000008612c       0xcb ./Core/Src/system_stm32f4xx.o
                                      0x808d9 (size before relaxing)
 .debug_str     0x00000000000861f7       0x36 ./Core/Startup/startup_stm32f401retx.o
                                         0x79 (size before relaxing)
 .debug_str     0x000000000008622d      0x98c ./Drivers/STM32F4xx_HAL_Driver/Src/stm32f4xx_hal.o
                                      0x812fb (size before relaxing)
 .debug_str     0x0000000000086bb9      0x344 ./Drivers/STM32F4xx_HAL_Driver/Src/stm32f4xx_hal_cortex.o
                                      0x8101c (size before relaxing)
 .debug_str     0x0000000000086efd      0x10e ./Drivers/STM32F4xx_HAL_Driver/Src/stm32f4xx_hal_gpio.o
                                      0x80a54 (size before relaxing)
 .debug_str     0x000000000008700b      0xac4 ./Drivers/STM32F4xx_HAL_Driver/Src/stm32f4xx_hal_i2c.o
                                      0x81897 (size before relaxing)
 .debug_str     0x0000000000087acf      0x213 ./Drivers/STM32F4xx_HAL_Driver/Src/stm32f4xx_hal_rcc.o
                                      0x80d0d (size before relaxing)
 .debug_str     0x0000000000087ce2      0x602 ./Drivers/STM32F4xx_HAL_Driver/Src/stm32f4xx_hal_uart.o
                                      0x8129a (size before relaxing)

.comment        0x0000000000000000       0x50
 .comment       0x0000000000000000       0x50 ./Core/Src/liquidcrystal_i2c.o
                                         0x51 (size before relaxing)
 .comment       0x0000000000000050       0x51 ./Core/Src/main.o
 .comment       0x0000000000000050       0x51 ./Core/Src/scd4x_i2c.o
 .comment       0x0000000000000050       0x51 ./Core/Src/sensirion_common.o
 .comment       0x0000000000000050       0x51 ./Core/Src/sensirion_i2c.o
 .comment       0x0000000000000050       0x51 ./Core/Src/sensirion_i2c_hal.o
 .comment       0x0000000000000050       0x51 ./Core/Src/stm32f4xx_hal_msp.o
 .comment       0x0000000000000050       0x51 ./Core/Src/stm32f4xx_it.o
 .comment       0x0000000000000050       0x51 ./Core/Src/system_stm32f4xx.o
 .comment       0x0000000000000050       0x51 ./Drivers/STM32F4xx_HAL_Driver/Src/stm32f4xx_hal.o
 .comment       0x0000000000000050       0x51 ./Drivers/STM32F4xx_HAL_Driver/Src/stm32f4xx_hal_cortex.o
 .comment       0x0000000000000050       0x51 ./Drivers/STM32F4xx_HAL_Driver/Src/stm32f4xx_hal_gpio.o
 .comment       0x0000000000000050       0x51 ./Drivers/STM32F4xx_HAL_Driver/Src/stm32f4xx_hal_i2c.o
 .comment       0x0000000000000050       0x51 ./Drivers/STM32F4xx_HAL_Driver/Src/stm32f4xx_hal_rcc.o
 .comment       0x0000000000000050       0x51 ./Drivers/STM32F4xx_HAL_Driver/Src/stm32f4xx_hal_uart.o

.debug_frame    0x0000000000000000     0x31dc
 .debug_frame   0x0000000000000000      0x3f0 ./Core/Src/liquidcrystal_i2c.o
 .debug_frame   0x00000000000003f0       0xc8 ./Core/Src/main.o
 .debug_frame   0x00000000000004b8      0x394 ./Core/Src/scd4x_i2c.o
 .debug_frame   0x000000000000084c      0x1b8 ./Core/Src/sensirion_common.o
 .debug_frame   0x0000000000000a04      0x2d4 ./Core/Src/sensirion_i2c.o
 .debug_frame   0x0000000000000cd8       0xe4 ./Core/Src/sensirion_i2c_hal.o
 .debug_frame   0x0000000000000dbc       0xc4 ./Core/Src/stm32f4xx_hal_msp.o
 .debug_frame   0x0000000000000e80      0x104 ./Core/Src/stm32f4xx_it.o
 .debug_frame   0x0000000000000f84       0x58 ./Core/Src/system_stm32f4xx.o
 .debug_frame   0x0000000000000fdc      0x374 ./Drivers/STM32F4xx_HAL_Driver/Src/stm32f4xx_hal.o
 .debug_frame   0x0000000000001350      0x498 ./Drivers/STM32F4xx_HAL_Driver/Src/stm32f4xx_hal_cortex.o
 .debug_frame   0x00000000000017e8      0x14c ./Drivers/STM32F4xx_HAL_Driver/Src/stm32f4xx_hal_gpio.o
 .debug_frame   0x0000000000001934      0xc5c ./Drivers/STM32F4xx_HAL_Driver/Src/stm32f4xx_hal_i2c.o
 .debug_frame   0x0000000000002590      0x1f4 ./Drivers/STM32F4xx_HAL_Driver/Src/stm32f4xx_hal_rcc.o
 .debug_frame   0x0000000000002784      0x92c ./Drivers/STM32F4xx_HAL_Driver/Src/stm32f4xx_hal_uart.o
 .debug_frame   0x00000000000030b0       0x2c c:/st/stm32cubeide_1.10.1/stm32cubeide/plugins/com.st.stm32cube.ide.mcu.externaltools.gnu-tools-for-stm32.10.3-2021.10.win32_1.0.0.202111181127/tools/bin/../lib/gcc/arm-none-eabi/10.3.1/../../../../arm-none-eabi/lib/thumb/v7e-m+fp/hard\libc_nano.a(lib_a-init.o)
 .debug_frame   0x00000000000030dc       0x38 c:/st/stm32cubeide_1.10.1/stm32cubeide/plugins/com.st.stm32cube.ide.mcu.externaltools.gnu-tools-for-stm32.10.3-2021.10.win32_1.0.0.202111181127/tools/bin/../lib/gcc/arm-none-eabi/10.3.1/../../../../arm-none-eabi/lib/thumb/v7e-m+fp/hard\libc_nano.a(lib_a-itoa.o)
 .debug_frame   0x0000000000003114       0x20 c:/st/stm32cubeide_1.10.1/stm32cubeide/plugins/com.st.stm32cube.ide.mcu.externaltools.gnu-tools-for-stm32.10.3-2021.10.win32_1.0.0.202111181127/tools/bin/../lib/gcc/arm-none-eabi/10.3.1/../../../../arm-none-eabi/lib/thumb/v7e-m+fp/hard\libc_nano.a(lib_a-memset.o)
 .debug_frame   0x0000000000003134       0x48 c:/st/stm32cubeide_1.10.1/stm32cubeide/plugins/com.st.stm32cube.ide.mcu.externaltools.gnu-tools-for-stm32.10.3-2021.10.win32_1.0.0.202111181127/tools/bin/../lib/gcc/arm-none-eabi/10.3.1/../../../../arm-none-eabi/lib/thumb/v7e-m+fp/hard\libc_nano.a(lib_a-utoa.o)
 .debug_frame   0x000000000000317c       0x2c c:/st/stm32cubeide_1.10.1/stm32cubeide/plugins/com.st.stm32cube.ide.mcu.externaltools.gnu-tools-for-stm32.10.3-2021.10.win32_1.0.0.202111181127/tools/bin/../lib/gcc/arm-none-eabi/10.3.1/thumb/v7e-m+fp/hard\libgcc.a(_aeabi_uldivmod.o)
 .debug_frame   0x00000000000031a8       0x34 c:/st/stm32cubeide_1.10.1/stm32cubeide/plugins/com.st.stm32cube.ide.mcu.externaltools.gnu-tools-for-stm32.10.3-2021.10.win32_1.0.0.202111181127/tools/bin/../lib/gcc/arm-none-eabi/10.3.1/thumb/v7e-m+fp/hard\libgcc.a(_udivmoddi4.o)
